################################################################################
#                                                                              #
#      IAR Universal Linker V6.5.4.100                                         #
#                                                                              #
#           Link time     =  02/Jun/2021  19:46:00                             #
#           Target CPU    =  x51                                               #
#           List file     =  D:\weas\facu\TDII\t2-irq\Debug\List\t2-irq.map    #
#           Output file 1 =  D:\weas\facu\TDII\t2-irq\Debug\Exe\t2-irq.d51     #
#                            Format: ubrof10                                   #
#                            UBROF version 10.0.6                              #
#                            Using library modules for C-SPY (-rt)             #
#           Command line  =  -f C:\Users\Maru\AppData\Local\Temp\EW32E3.tmp    #
#                            (D:\weas\facu\TDII\t2-irq\Debug\Obj\main.r51 -o   #
#                            D:\weas\facu\TDII\t2-irq\Debug\Exe\t2-irq.d51     #
#                            -l                                                #
#                            D:\weas\facu\TDII\t2-irq\Debug\List\t2-irq.map    #
#                            -xms                                              #
#                            "-IC:\Program Files (x86)\IAR Systems\Embedded Wo #
#                            rkbench 8.1\8051\LIB\"                            #
#                            -f                                                #
#                            "C:\Program Files (x86)\IAR Systems\Embedded Work #
#                            bench 8.1\8051\config\devices\_generic\lnk51ew_80 #
#                            52.xcl"                                           #
#                            (-D_IDATA0_START=0x00 -D_IDATA0_END=0xFF          #
#                            -D_PDATA0_START=0x0000 -D_PDATA0_END=0x00FF       #
#                            -D_IXDATA0_START=0x0001 -D_IXDATA0_END=0xFFFF     #
#                            -D_XDATA0_START=0x0001 -D_XDATA0_END=0xFFFF       #
#                            -D_CODE0_START=0x0000 -D_CODE0_END=0xFFFF         #
#                            -D?REGISTER_BANK=0x0 -D_REGISTER_BANK_START=0x0   #
#                            -D_BREG_START=0x00 -D?VB=0x20                     #
#                            -Z(BIT)BREG=_BREG_START -Z(BIT)BIT_N=0-7F         #
#                            -Z(DATA)REGISTERS+8=_REGISTER_BANK_START          #
#                            -Z(DATA)BDATA_Z,BDATA_N,BDATA_I=20-2F             #
#                            -Z(DATA)VREG=08-7F -Z(DATA)PSP,XSP=08-7F          #
#                            -Z(DATA)DOVERLAY=08-7F                            #
#                            -Z(DATA)DATA_I,DATA_Z,DATA_N=08-7F                #
#                            -U(IDATA)0-7F=(DATA)0-7F                          #
#                            -Z(IDATA)IDATA_I,IDATA_Z,IDATA_N=08-_IDATA0_END   #
#                            -Z(IDATA)ISTACK+_IDATA_STACK_SIZE#08-_IDATA0_END  #
#                            -Z(IDATA)IOVERLAY=08-FF -Z(CODE)INTVEC=0          #
#                            -Z(CODE)CSTART=_CODE0_START-_CODE0_END            #
#                            -Z(CODE)BIT_ID,BDATA_ID,DATA_ID,IDATA_ID,IXDATA_I #
#                            D,PDATA_ID,XDATA_ID=_CODE0_START-_CODE0_END       #
#                            -Z(CODE)HUGE_ID=_CODE0_START-_CODE0_END           #
#                            -Z(CODE)RCODE,DIFUNCT=_CODE0_START-_CODE0_END     #
#                            -P(CODE)CODE_C,CODE_N,NEAR_CODE=_CODE0_START-_COD #
#                            E0_END                                            #
#                            -Z(CODE)CHECKSUM#_CODE0_END                       #
#                            -Z(XDATA)PDATA_Z,PDATA_I=_PDATA0_START-_PDATA0_EN #
#                            D                                                 #
#                            -P(XDATA)PDATA_N=_PDATA0_START-_PDATA0_END        #
#                            -Z(XDATA)PSTACK+_PDATA_STACK_SIZE=_PDATA0_START-_ #
#                            PDATA0_END                                        #
#                            -Z(XDATA)EXT_STACK+_EXTENDED_STACK_SIZE=_EXTENDED #
#                            _STACK_START                                      #
#                            -Z(XDATA)XSTACK+_XDATA_STACK_SIZE=_XDATA0_START-_ #
#                            XDATA0_END                                        #
#                            -Z(XDATA)IXDATA_I,IXDATA_Z=_IXDATA0_START-_IXDATA #
#                            0_END                                             #
#                            -P(XDATA)IXDATA_N=_IXDATA0_START-_IXDATA0_END     #
#                            -Z(XDATA)XDATA_I,XDATA_Z=_XDATA0_START-_XDATA0_EN #
#                            D                                                 #
#                            -P(XDATA)XDATA_N=_XDATA0_START-_XDATA0_END        #
#                            -Z(XDATA)XDATA_HEAP+_XDATA_HEAP_SIZE=_XDATA0_STAR #
#                            T-_XDATA0_END                                     #
#                            -Z(CONST)XDATA_ROM_C=_XDATA0_START-_XDATA0_END    #
#                            -Z(CODE)FAR22_ID=[_CODE0_START-_CODE0_END]/10000  #
#                            -Z(CODE)FAR_ID=[_CODE0_START-_CODE0_END]/10000    #
#                            -cx51)                                            #
#                            "-IC:\Program Files (x86)\IAR Systems\Embedded Wo #
#                            rkbench 8.1\8051\CONFIG\"                         #
#                            -D_NR_OF_VIRTUAL_REGISTERS=8 -D?PBANK=0xA0        #
#                            -D?CBANK=0xF0 -D?CBANK_MASK=0x30                  #
#                            -e?BCALL_30=?BCALL -e?BRET_30=?BRET               #
#                            -e?BDISPATCH_30=?BDISPATCH                        #
#                            -D_CODEBANK_START=0x8000 -D_CODEBANK_END=0xFFFF   #
#                            -D_NR_OF_BANKS=0x03 -rt                           #
#                            -D_IDATA_STACK_SIZE=0x40 -D?ESP=0 -D?ESP_MASK=0   #
#                            -D_EXTENDED_STACK_START=0                         #
#                            -D_EXTENDED_STACK_SIZE=0                          #
#                            -D_PDATA_STACK_SIZE=0x80                          #
#                            -D_XDATA_STACK_SIZE=0xFFF                         #
#                            -D_XDATA_HEAP_SIZE=0xFF -D_FAR_HEAP_SIZE=0xFFF    #
#                            -D_HUGE_HEAP_SIZE=0xFFF                           #
#                            -D_FAR22_HEAP_SIZE=0xFFF)                         #
#                                                                              #
#                           Copyright (C) 1987-2018 IAR Systems AB.            #
################################################################################





                ****************************************
                *                                      *
                *           CROSS REFERENCE            *
                *                                      *
                ****************************************

                  There are no program entries.


                ****************************************
                *                                      *
                *    AUTOMATIC SYMBOL REDIRECTIONS     *
                *                                      *
                ****************************************

                  There are no automatic symbol redirections.



                ****************************************
                *                                      *
                *              MODULE MAP              *
                *                                      *
                ****************************************


  DEFINED ABSOLUTE ENTRIES
    *************************************************************************

  DEFINED ABSOLUTE ENTRIES
  PROGRAM MODULE, NAME : ?ABS_ENTRY_MOD

Absolute parts
           ENTRY                   ADDRESS         REF BY
           =====                   =======         ======
           _FAR22_HEAP_SIZE        00000FFF 
           _HUGE_HEAP_SIZE         00000FFF 
           _FAR_HEAP_SIZE          00000FFF 
           _XDATA_HEAP_SIZE        000000FF 
           _XDATA_STACK_SIZE       00000FFF 
           _PDATA_STACK_SIZE       00000080 
           _EXTENDED_STACK_SIZE    00000000 
           _EXTENDED_STACK_START   00000000 
           ?ESP_MASK               00000000 
           ?ESP                    00000000 
           _IDATA_STACK_SIZE       00000040 
           _NR_OF_BANKS            00000003 
           _CODEBANK_END           0000FFFF 
           _CODEBANK_START         00008000 
           ?CBANK_MASK             00000030 
           ?CBANK                  000000F0 
           ?PBANK                  000000A0 
           _NR_OF_VIRTUAL_REGISTERS
                                   00000008 
           ?VB                     00000020 
           _BREG_START             00000000 
           _REGISTER_BANK_START    00000000 
           ?REGISTER_BANK          00000000 
           _CODE0_END              0000FFFF 
           _CODE0_START            00000000 
           _XDATA0_END             0000FFFF 
           _XDATA0_START           00000001 
           _IXDATA0_END            0000FFFF 
           _IXDATA0_START          00000001 
           _PDATA0_END             000000FF 
           _PDATA0_START           00000000 
           _IDATA0_END             000000FF 
           _IDATA0_START           00000000 
    *************************************************************************

  FILE NAME : D:\weas\facu\TDII\t2-irq\Debug\Obj\main.r51
  PROGRAM MODULE, NAME : main

Absolute parts
     00000000 - 00000001
     0000002B - 00000061
           LOCAL                   ADDRESS         
           =====                   =======         
           main                    00000055 
           timer2IRQ               0000002D 
           SALIR                   0000003E 
           init_T2_10k             0000003F 
           init_interr             00000052 
           LOOP                    00000060 



                ****************************************
                *                                      *
                *      SEGMENTS IN ADDRESS ORDER       *
                *                                      *
                ****************************************


SEGMENT              SPACE    START ADDRESS   END ADDRESS     SIZE  TYPE  ALIGN
=======              =====    =============   ===========     ====  ====  =====
                     CODE          00000000 - 00000001           2  aseg  
                     CODE          0000002B - 00000061          37  aseg  

                ****************************************
                *                                      *
                *        END OF CROSS REFERENCE        *
                *                                      *
                ****************************************

 0 bytes of CODE memory (+ 57 absolute )

Errors: none
Warnings: none

